{
  "version": 1,
  "plugins_used": [
    { "name": "AWSKeyDetector" },
    { "name": "AzureStorageKeyDetector" },
    { "name": "Base64HighEntropyString" },
    { "name": "BasicAuthDetector" },
    { "name": "CloudantDetector" },
    { "name": "DiscordBotTokenDetector" },
    { "name": "GitHubTokenDetector" },
    { "name": "IbmCloudIamDetector" },
    { "name": "IbmCosHmacDetector" },
    { "name": "JwtTokenDetector" },
    { "name": "KeywordDetector" },
    { "name": "MailchimpDetector" },
    { "name": "NpmDetector" },
    { "name": "OpenAIDetector" },
    { "name": "PrivateKeyDetector" },
    { "name": "SendGridDetector" },
    { "name": "SlackDetector" },
    { "name": "SoftlayerDetector" },
    { "name": "SquareOAuthDetector" },
    { "name": "StripeDetector" },
    { "name": "TwilioKeyDetector" }
  ],
  "filters_used": [
    { "path": "detect_secrets.filters.allowlist" },
    { "path": "detect_secrets.filters.common.is_baseline_file" },
    { "path": "detect_secrets.filters.common.is_ignored_due_to_limit" },
    { "path": "detect_secrets.filters.heuristic.is_sequential_string" },
    { "path": "detect_secrets.filters.heuristic.is_likely_id_string" },
    { "path": "detect_secrets.filters.heuristic.is_potential_uuid" },
    { "path": "detect_secrets.filters.heuristic.is_prefixed_with_dollar_sign" },
    { "path": "detect_secrets.filters.heuristic.is_known_pseudo_auditor" },
    { "path": "detect_secrets.filters.samples.is_known_pseudo_auditor" }
  ],
  "results": {},
  "generated_at": "2026-08-21T00:00:00Z"
}
